Archive member included to satisfy reference by file (symbol)

c:/st/stm32cubeide_1.12.1/stm32cubeide/plugins/com.st.stm32cube.ide.mcu.externaltools.gnu-tools-for-stm32.10.3-2021.10.win32_1.0.200.202301161003/tools/bin/../lib/gcc/arm-none-eabi/10.3.1/../../../../arm-none-eabi/lib/thumb/v7e-m+fp/hard\libc_nano.a(lib_a-errno.o)
                              ./Src/syscalls.o (__errno)
c:/st/stm32cubeide_1.12.1/stm32cubeide/plugins/com.st.stm32cube.ide.mcu.externaltools.gnu-tools-for-stm32.10.3-2021.10.win32_1.0.200.202301161003/tools/bin/../lib/gcc/arm-none-eabi/10.3.1/../../../../arm-none-eabi/lib/thumb/v7e-m+fp/hard\libc_nano.a(lib_a-exit.o)
                              c:/st/stm32cubeide_1.12.1/stm32cubeide/plugins/com.st.stm32cube.ide.mcu.externaltools.gnu-tools-for-stm32.10.3-2021.10.win32_1.0.200.202301161003/tools/bin/../lib/gcc/arm-none-eabi/10.3.1/../../../../arm-none-eabi/lib/thumb/v7e-m+fp/hard/crt0.o (exit)
c:/st/stm32cubeide_1.12.1/stm32cubeide/plugins/com.st.stm32cube.ide.mcu.externaltools.gnu-tools-for-stm32.10.3-2021.10.win32_1.0.200.202301161003/tools/bin/../lib/gcc/arm-none-eabi/10.3.1/../../../../arm-none-eabi/lib/thumb/v7e-m+fp/hard\libc_nano.a(lib_a-impure.o)
                              c:/st/stm32cubeide_1.12.1/stm32cubeide/plugins/com.st.stm32cube.ide.mcu.externaltools.gnu-tools-for-stm32.10.3-2021.10.win32_1.0.200.202301161003/tools/bin/../lib/gcc/arm-none-eabi/10.3.1/../../../../arm-none-eabi/lib/thumb/v7e-m+fp/hard\libc_nano.a(lib_a-exit.o) (_global_impure_ptr)
c:/st/stm32cubeide_1.12.1/stm32cubeide/plugins/com.st.stm32cube.ide.mcu.externaltools.gnu-tools-for-stm32.10.3-2021.10.win32_1.0.200.202301161003/tools/bin/../lib/gcc/arm-none-eabi/10.3.1/../../../../arm-none-eabi/lib/thumb/v7e-m+fp/hard\libc_nano.a(lib_a-init.o)
                              c:/st/stm32cubeide_1.12.1/stm32cubeide/plugins/com.st.stm32cube.ide.mcu.externaltools.gnu-tools-for-stm32.10.3-2021.10.win32_1.0.200.202301161003/tools/bin/../lib/gcc/arm-none-eabi/10.3.1/../../../../arm-none-eabi/lib/thumb/v7e-m+fp/hard/crt0.o (__libc_init_array)
c:/st/stm32cubeide_1.12.1/stm32cubeide/plugins/com.st.stm32cube.ide.mcu.externaltools.gnu-tools-for-stm32.10.3-2021.10.win32_1.0.200.202301161003/tools/bin/../lib/gcc/arm-none-eabi/10.3.1/../../../../arm-none-eabi/lib/thumb/v7e-m+fp/hard\libc_nano.a(lib_a-memcpy-stub.o)
                              ./Src/APPLICATION/User_Dashboard_Interface/udi_prog.o (memcpy)
c:/st/stm32cubeide_1.12.1/stm32cubeide/plugins/com.st.stm32cube.ide.mcu.externaltools.gnu-tools-for-stm32.10.3-2021.10.win32_1.0.200.202301161003/tools/bin/../lib/gcc/arm-none-eabi/10.3.1/../../../../arm-none-eabi/lib/thumb/v7e-m+fp/hard\libc_nano.a(lib_a-memset.o)
                              c:/st/stm32cubeide_1.12.1/stm32cubeide/plugins/com.st.stm32cube.ide.mcu.externaltools.gnu-tools-for-stm32.10.3-2021.10.win32_1.0.200.202301161003/tools/bin/../lib/gcc/arm-none-eabi/10.3.1/../../../../arm-none-eabi/lib/thumb/v7e-m+fp/hard/crt0.o (memset)
c:/st/stm32cubeide_1.12.1/stm32cubeide/plugins/com.st.stm32cube.ide.mcu.externaltools.gnu-tools-for-stm32.10.3-2021.10.win32_1.0.200.202301161003/tools/bin/../lib/gcc/arm-none-eabi/10.3.1/thumb/v7e-m+fp/hard\libgcc.a(_arm_muldf3.o)
                              ./Src/HAL/ultrasonic/Ultrasonic.o (__aeabi_dmul)
c:/st/stm32cubeide_1.12.1/stm32cubeide/plugins/com.st.stm32cube.ide.mcu.externaltools.gnu-tools-for-stm32.10.3-2021.10.win32_1.0.200.202301161003/tools/bin/../lib/gcc/arm-none-eabi/10.3.1/thumb/v7e-m+fp/hard\libgcc.a(_arm_addsubdf3.o)
                              ./Src/MCAL/usart/usart_prog.o (__aeabi_dadd)
c:/st/stm32cubeide_1.12.1/stm32cubeide/plugins/com.st.stm32cube.ide.mcu.externaltools.gnu-tools-for-stm32.10.3-2021.10.win32_1.0.200.202301161003/tools/bin/../lib/gcc/arm-none-eabi/10.3.1/thumb/v7e-m+fp/hard\libgcc.a(_arm_muldivdf3.o)
                              ./Src/MCAL/usart/usart_prog.o (__aeabi_ddiv)
c:/st/stm32cubeide_1.12.1/stm32cubeide/plugins/com.st.stm32cube.ide.mcu.externaltools.gnu-tools-for-stm32.10.3-2021.10.win32_1.0.200.202301161003/tools/bin/../lib/gcc/arm-none-eabi/10.3.1/thumb/v7e-m+fp/hard\libgcc.a(_arm_fixunsdfsi.o)
                              ./Src/HAL/ultrasonic/Ultrasonic.o (__aeabi_d2uiz)

Discarded input sections

 .text          0x0000000000000000        0x0 c:/st/stm32cubeide_1.12.1/stm32cubeide/plugins/com.st.stm32cube.ide.mcu.externaltools.gnu-tools-for-stm32.10.3-2021.10.win32_1.0.200.202301161003/tools/bin/../lib/gcc/arm-none-eabi/10.3.1/thumb/v7e-m+fp/hard/crti.o
 .data          0x0000000000000000        0x0 c:/st/stm32cubeide_1.12.1/stm32cubeide/plugins/com.st.stm32cube.ide.mcu.externaltools.gnu-tools-for-stm32.10.3-2021.10.win32_1.0.200.202301161003/tools/bin/../lib/gcc/arm-none-eabi/10.3.1/thumb/v7e-m+fp/hard/crti.o
[...]
Memory Configuration

Name             Origin             Length             Attributes
RAM              0x0000000020000000 0x0000000000010000 xrw
FLASH            0x0000000008000000 0x0000000000004000 xr
*default*        0x0000000000000000 0xffffffffffffffff

Linker script and memory map

LOAD c:/st/stm32cubeide_1.12.1/stm32cubeide/plugins/com.st.stm32cube.ide.mcu.externaltools.gnu-tools-for-stm32.10.3-2021.10.win32_1.0.200.202301161003/tools/bin/../lib/gcc/arm-none-eabi/10.3.1/thumb/v7e-m+fp/hard/crti.o
LOAD c:/st/stm32cubeide_1.12.1/stm32cubeide/plugins/com.st.stm32cube.ide.mcu.externaltools.gnu-tools-for-stm32.10.3-2021.10.win32_1.0.200.202301161003/tools/bin/../lib/gcc/arm-none-eabi/10.3.1/thumb/v7e-m+fp/hard/crtbegin.o
LOAD c:/st/stm32cubeide_1.12.1/stm32cubeide/plugins/com.st.stm32cube.ide.mcu.externaltools.gnu-tools-for-stm32.10.3-2021.10.win32_1.0.200.202301161003/tools/bin/../lib/gcc/arm-none-eabi/10.3.1/../../../../arm-none-eabi/lib/thumb/v7e-m+fp/hard/crt0.o
LOAD ./Src/APPLICATION/Adaptive_Cruise_Control/acc_prog.o
LOAD ./Src/APPLICATION/Automatic_Emergency_Brake/aeb_prog.o
LOAD ./Src/APPLICATION/Body_Control_Module/bcm_prog.o
LOAD ./Src/APPLICATION/Lane_Keep_Assistant/LKA_prog.o
LOAD ./Src/APPLICATION/Normal_Cruise_Control/ncc_prog.o
LOAD ./Src/APPLICATION/User_Dashboard_Interface/udi_prog.o
LOAD ./Src/HAL/dcm/dcm_prog.o
LOAD ./Src/HAL/hc05/hc05_prog.o
LOAD ./Src/HAL/ir/IR_prog.o
LOAD ./Src/HAL/ultrasonic/Delay.o
LOAD ./Src/HAL/ultrasonic/Ultrasonic.o
LOAD ./Src/MCAL/exti/exti_prog.o
LOAD ./Src/MCAL/gpio/gpio_prog.o
LOAD ./Src/MCAL/nvic/nvic_prog.o
LOAD ./Src/MCAL/rcc/rcc_prog.o
LOAD ./Src/MCAL/systick/systick_prog.o
LOAD ./Src/MCAL/tmr/tmr_prog.o
LOAD ./Src/MCAL/usart/usart_prog.o
LOAD ./Src/main.o
LOAD ./Src/syscalls.o
LOAD ./Src/sysmem.o
LOAD ./Startup/startup_stm32f401ccux.o
START GROUP
LOAD c:/st/stm32cubeide_1.12.1/stm32cubeide/plugins/com.st.stm32cube.ide.mcu.externaltools.gnu-tools-for-stm32.10.3-2021.10.win32_1.0.200.202301161003/tools/bin/../lib/gcc/arm-none-eabi/10.3.1/../../../../arm-none-eabi/lib/thumb/v7e-m+fp/hard\libc_nano.a
LOAD c:/st/stm32cubeide_1.12.1/stm32cubeide/plugins/com.st.stm32cube.ide.mcu.externaltools.gnu-tools-for-stm32.10.3-2021.10.win32_1.0.200.202301161003/tools/bin/../lib/gcc/arm-none-eabi/10.3.1/../../../../arm-none-eabi/lib/thumb/v7e-m+fp/hard\libm.a
END GROUP
START GROUP
LOAD c:/st/stm32cubeide_1.12.1/stm32cubeide/plugins/com.st.stm32cube.ide.mcu.externaltools.gnu-tools-for-stm32.10.3-2021.10.win32_1.0.200.202301161003/tools/bin/../lib/gcc/arm-none-eabi/10.3.1/thumb/v7e-m+fp/hard\libgcc.a
LOAD c:/st/stm32cubeide_1.12.1/stm32cubeide/plugins/com.st.stm32cube.ide.mcu.externaltools.gnu-tools-for-stm32.10.3-2021.10.win32_1.0.200.202301161003/tools/bin/../lib/gcc/arm-none-eabi/10.3.1/../../../../arm-none-eabi/lib/thumb/v7e-m+fp/hard\libc_nano.a
END GROUP
START GROUP
LOAD c:/st/stm32cubeide_1.12.1/stm32cubeide/plugins/com.st.stm32cube.ide.mcu.externaltools.gnu-tools-for-stm32.10.3-2021.10.win32_1.0.200.202301161003/tools/bin/../lib/gcc/arm-none-eabi/10.3.1/thumb/v7e-m+fp/hard\libgcc.a
LOAD c:/st/stm32cubeide_1.12.1/stm32cubeide/plugins/com.st.stm32cube.ide.mcu.externaltools.gnu-tools-for-stm32.10.3-2021.10.win32_1.0.200.202301161003/tools/bin/../lib/gcc/arm-none-eabi/10.3.1/../../../../arm-none-eabi/lib/thumb/v7e-m+fp/hard\libc_nano.a
LOAD c:/st/stm32cubeide_1.12.1/stm32cubeide/plugins/com.st.stm32cube.ide.mcu.externaltools.gnu-tools-for-stm32.10.3-2021.10.win32_1.0.200.202301161003/tools/bin/../lib/gcc/arm-none-eabi/10.3.1/../../../../arm-none-eabi/lib/thumb/v7e-m+fp/hard\libnosys.a
END GROUP
START GROUP
LOAD c:/st/stm32cubeide_1.12.1/stm32cubeide/plugins/com.st.stm32cube.ide.mcu.externaltools.gnu-tools-for-stm32.10.3-2021.10.win32_1.0.200.202301161003/tools/bin/../lib/gcc/arm-none-eabi/10.3.1/thumb/v7e-m+fp/hard\libgcc.a
LOAD c:/st/stm32cubeide_1.12.1/stm32cubeide/plugins/com.st.stm32cube.ide.mcu.externaltools.gnu-tools-for-stm32.10.3-2021.10.win32_1.0.200.202301161003/tools/bin/../lib/gcc/arm-none-eabi/10.3.1/../../../../arm-none-eabi/lib/thumb/v7e-m+fp/hard\libc_nano.a
LOAD c:/st/stm32cubeide_1.12.1/stm32cubeide/plugins/com.st.stm32cube.ide.mcu.externaltools.gnu-tools-for-stm32.10.3-2021.10.win32_1.0.200.202301161003/tools/bin/../lib/gcc/arm-none-eabi/10.3.1/../../../../arm-none-eabi/lib/thumb/v7e-m+fp/hard\libnosys.a
END GROUP
LOAD c:/st/stm32cubeide_1.12.1/stm32cubeide/plugins/com.st.stm32cube.ide.mcu.externaltools.gnu-tools-for-stm32.10.3-2021.10.win32_1.0.200.202301161003/tools/bin/../lib/gcc/arm-none-eabi/10.3.1/thumb/v7e-m+fp/hard/crtend.o
LOAD c:/st/stm32cubeide_1.12.1/stm32cubeide/plugins/com.st.stm32cube.ide.mcu.externaltools.gnu-tools-for-stm32.10.3-2021.10.win32_1.0.200.202301161003/tools/bin/../lib/gcc/arm-none-eabi/10.3.1/thumb/v7e-m+fp/hard/crtn.o
                0x0000000020010000                _estack = (ORIGIN (RAM) + LENGTH (RAM))
                0x0000000000000200                _Min_Heap_Size = 0x200
                0x0000000000000400                _Min_Stack_Size = 0x400

.isr_vector     0x0000000008000000      0x194
                0x0000000008000000                . = ALIGN (0x4)
 *(.isr_vector)
 .isr_vector    0x0000000008000000      0x194 ./Startup/startup_stm32f401ccux.o
                0x0000000008000000                g_pfnVectors
                0x0000000008000194                . = ALIGN (0x4)

.text           0x0000000008000198     0x2f7c
                0x0000000008000198                . = ALIGN (0x4)
 *(.text)
 .text          0x0000000008000198       0x40 c:/st/stm32cubeide_1.12.1/stm32cubeide/plugins/com.st.stm32cube.ide.mcu.externaltools.gnu-tools-for-stm32.10.3-2021.10.win32_1.0.200.202301161003/tools/bin/../lib/gcc/arm-none-eabi/10.3.1/thumb/v7e-m+fp/hard/crtbegin.o
 .text          0x00000000080001d8      0x378 c:/st/stm32cubeide_1.12.1/stm32cubeide/plugins/com.st.stm32cube.ide.mcu.externaltools.gnu-tools-for-stm32.10.3-2021.10.win32_1.0.200.202301161003/tools/bin/../lib/gcc/arm-none-eabi/10.3.1/thumb/v7e-m+fp/hard\libgcc.a(_arm_addsubdf3.o)
                0x00000000080001d8                __aeabi_drsub
                0x00000000080001e0                __aeabi_dsub
                0x00000000080001e0                __subdf3
                0x00000000080001e4                __aeabi_dadd
                0x00000000080001e4                __adddf3
                0x000000000800045c                __floatunsidf
                0x000000000800045c                __aeabi_ui2d
                0x000000000800047c                __floatsidf
                0x000000000800047c                __aeabi_i2d
                0x00000000080004a0                __aeabi_f2d
                0x00000000080004a0                __extendsfdf2
                0x00000000080004e4                __floatundidf
                0x00000000080004e4                __aeabi_ul2d
                0x00000000080004f4                __floatdidf
                0x00000000080004f4                __aeabi_l2d
 .text          0x0000000008000550      0x424 c:/st/stm32cubeide_1.12.1/stm32cubeide/plugins/com.st.stm32cube.ide.mcu.externaltools.gnu-tools-for-stm32.10.3-2021.10.win32_1.0.200.202301161003/tools/bin/../lib/gcc/arm-none-eabi/10.3.1/thumb/v7e-m+fp/hard\libgcc.a(_arm_muldivdf3.o)
                0x0000000008000550                __aeabi_dmul
                0x0000000008000550                __muldf3
                0x00000000080007a4                __divdf3
                0x00000000080007a4                __aeabi_ddiv
 .text          0x0000000008000974       0x40 c:/st/stm32cubeide_1.12.1/stm32cubeide/plugins/com.st.stm32cube.ide.mcu.externaltools.gnu-tools-for-stm32.10.3-2021.10.win32_1.0.200.202301161003/tools/bin/../lib/gcc/arm-none-eabi/10.3.1/thumb/v7e-m+fp/hard\libgcc.a(_arm_fixunsdfsi.o)
                0x0000000008000974                __aeabi_d2uiz
                0x0000000008000974                __fixunsdfsi
 *(.text*)
 .text.AACC_vSetSpeedLimit
                0x00000000080009b4       0x50 ./Src/APPLICATION/Adaptive_Cruise_Control/acc_prog.o
                0x00000000080009b4                AACC_vSetSpeedLimit
 .text.AACC_vControlingCar
                0x0000000008000a04      0x25c ./Src/APPLICATION/Adaptive_Cruise_Control/acc_prog.o
                0x0000000008000a04                AACC_vControlingCar
 .text.AACC_vStopAcc
                0x0000000008000c60       0x30 ./Src/APPLICATION/Adaptive_Cruise_Control/acc_prog.o
                0x0000000008000c60                AACC_vStopAcc
 .text.AACC_vChangeAccSpeedLimit
                0x0000000008000c90       0x48 ./Src/APPLICATION/Adaptive_Cruise_Control/acc_prog.o
                0x0000000008000c90                AACC_vChangeAccSpeedLimit
 .text.AAEB_vIsReady
                0x0000000008000cd8       0x18 ./Src/APPLICATION/Automatic_Emergency_Brake/aeb_prog.o
                0x0000000008000cd8                AAEB_vIsReady
 .text.AAEB_uddtCheckForObstacles
                0x0000000008000cf0       0x48 ./Src/APPLICATION/Automatic_Emergency_Brake/aeb_prog.o
                0x0000000008000cf0                AAEB_uddtCheckForObstacles
 .text.ESP_Callback
                0x0000000008000d38       0x40 ./Src/APPLICATION/Body_Control_Module/bcm_prog.o
                0x0000000008000d38                ESP_Callback
 .text.HC05_Callback
                0x0000000008000d78       0x38 ./Src/APPLICATION/Body_Control_Module/bcm_prog.o
                0x0000000008000d78                HC05_Callback
 .text.leftcall
                0x0000000008000db0       0x18 ./Src/APPLICATION/Body_Control_Module/bcm_prog.o
                0x0000000008000db0                leftcall
 .text.rightcall
                0x0000000008000dc8       0x18 ./Src/APPLICATION/Body_Control_Module/bcm_prog.o
                0x0000000008000dc8                rightcall
 .text.ABCM_vSysInit
                0x0000000008000de0      0x1e4 ./Src/APPLICATION/Body_Control_Module/bcm_prog.o
                0x0000000008000de0                ABCM_vSysInit
 .text.ABCM_vSysMangment
                0x0000000008000fc4      0x38c ./Src/APPLICATION/Body_Control_Module/bcm_prog.o
                0x0000000008000fc4                ABCM_vSysMangment
 .text.ABCM_uddtDetermineCarState
                0x0000000008001350      0x368 ./Src/APPLICATION/Body_Control_Module/bcm_prog.o
                0x0000000008001350                ABCM_uddtDetermineCarState
 .text.ABCM_uddtFaultDetection
                0x00000000080016b8      0x13c ./Src/APPLICATION/Body_Control_Module/bcm_prog.o
                0x00000000080016b8                ABCM_uddtFaultDetection
 .text.ABCM_vThreadMode
                0x00000000080017f4       0x98 ./Src/APPLICATION/Body_Control_Module/bcm_prog.o
                0x00000000080017f4                ABCM_vThreadMode
 .text.ALKA_right
                0x000000000800188c       0x4e ./Src/APPLICATION/Lane_Keep_Assistant/LKA_prog.o
                0x000000000800188c                ALKA_right
 .text.ALKA_forward
                0x00000000080018da       0x4e ./Src/APPLICATION/Lane_Keep_Assistant/LKA_prog.o
                0x00000000080018da                ALKA_forward
 .text.ANCC_vStartNcc
                0x0000000008001928       0x44 ./Src/APPLICATION/Normal_Cruise_Control/ncc_prog.o
                0x0000000008001928                ANCC_vStartNcc
 .text.ANCC_vStopNcc
                0x000000000800196c       0x24 ./Src/APPLICATION/Normal_Cruise_Control/ncc_prog.o
                0x000000000800196c                ANCC_vStopNcc
 .text.ANCC_vChangeNccSpeedLimit
                0x0000000008001990       0x58 ./Src/APPLICATION/Normal_Cruise_Control/ncc_prog.o
                0x0000000008001990                ANCC_vChangeNccSpeedLimit
 .text.AUDI_vInitInterface
                0x00000000080019e8       0x30 ./Src/APPLICATION/User_Dashboard_Interface/udi_prog.o
                0x00000000080019e8                AUDI_vInitInterface
 .text.AUDI_vStandByDashboard
                0x0000000008001a18       0x78 ./Src/APPLICATION/User_Dashboard_Interface/udi_prog.o
                0x0000000008001a18                AUDI_vStandByDashboard
 .text.AUDI_vOnDashboard
                0x0000000008001a90       0x4c ./Src/APPLICATION/User_Dashboard_Interface/udi_prog.o
                0x0000000008001a90                AUDI_vOnDashboard
 .text.HDCM_init
                0x0000000008001adc      0x110 ./Src/HAL/dcm/dcm_prog.o
                0x0000000008001adc                HDCM_init
 .text.HDCM_turnOff
                0x0000000008001bec       0x42 ./Src/HAL/dcm/dcm_prog.o
                0x0000000008001bec                HDCM_turnOff
 .text.HDCM_turnOn
                0x0000000008001c2e       0x7e ./Src/HAL/dcm/dcm_prog.o
                0x0000000008001c2e                HDCM_turnOn
 .text.HDCM_changeDirection
                0x0000000008001cac       0x4e ./Src/HAL/dcm/dcm_prog.o
                0x0000000008001cac                HDCM_changeDirection
 *fill*         0x0000000008001cfa        0x2 
 .text.HDCM_controlSpeed
                0x0000000008001cfc       0x64 ./Src/HAL/dcm/dcm_prog.o
                0x0000000008001cfc                HDCM_controlSpeed
 .text.HHC05_uddtInit
                0x0000000008001d60       0x20 ./Src/HAL/hc05/hc05_prog.o
                0x0000000008001d60                HHC05_uddtInit
 .text.HHC05_uddtEnable
                0x0000000008001d80       0x1c ./Src/HAL/hc05/hc05_prog.o
                0x0000000008001d80                HHC05_uddtEnable
 .text.HHC05_uddtTransmitByte
                0x0000000008001d9c       0x24 ./Src/HAL/hc05/hc05_prog.o
                0x0000000008001d9c                HHC05_uddtTransmitByte
 .text.HHC05_uddtTransmitString
                0x0000000008001dc0       0x20 ./Src/HAL/hc05/hc05_prog.o
                0x0000000008001dc0                HHC05_uddtTransmitString
 .text.HHC05_RxIntSetStatus
                0x0000000008001de0       0x24 ./Src/HAL/hc05/hc05_prog.o
                0x0000000008001de0                HHC05_RxIntSetStatus
 .text.HHC05_uddtSetCallBackUart1
                0x0000000008001e04       0x1c ./Src/HAL/hc05/hc05_prog.o
                0x0000000008001e04                HHC05_uddtSetCallBackUart1
 .text.HIR_uddtInit
                0x0000000008001e20       0x50 ./Src/HAL/ir/IR_prog.o
                0x0000000008001e20                HIR_uddtInit
 .text.delay_us
                0x0000000008001e70       0x2a ./Src/HAL/ultrasonic/Delay.o
                0x0000000008001e70                delay_us
 *fill*         0x0000000008001e9a        0x2 
 .text.UltraSonic_Init
                0x0000000008001e9c       0x40 ./Src/HAL/ultrasonic/Ultrasonic.o
                0x0000000008001e9c                UltraSonic_Init
 .text.UltraSonic_Send_Pulse
                0x0000000008001edc       0x28 ./Src/HAL/ultrasonic/Ultrasonic.o
                0x0000000008001edc                UltraSonic_Send_Pulse
 *fill*         0x0000000008001f04        0x4 
 .text.UltraSonic_Measure_Distance
                0x0000000008001f08       0x9c ./Src/HAL/ultrasonic/Ultrasonic.o
                0x0000000008001f08                UltraSonic_Measure_Distance
 .text.MEXTI_enableEXTI
                0x0000000008001fa4       0x44 ./Src/MCAL/exti/exti_prog.o
                0x0000000008001fa4                MEXTI_enableEXTI
 .text.MEXTI_disableEXTI
                0x0000000008001fe8       0x48 ./Src/MCAL/exti/exti_prog.o
                0x0000000008001fe8                MEXTI_disableEXTI
 .text.MEXTI_setCallBack
                0x0000000008002030       0x44 ./Src/MCAL/exti/exti_prog.o
                0x0000000008002030                MEXTI_setCallBack
 .text.EXTI0_IRQHandler
                0x0000000008002074       0x2c ./Src/MCAL/exti/exti_prog.o
                0x0000000008002074                EXTI0_IRQHandler
 .text.EXTI4_IRQHandler
                0x00000000080020a0       0x2c ./Src/MCAL/exti/exti_prog.o
                0x00000000080020a0                EXTI4_IRQHandler
 .text.MGPIO_uddtSetPinMode
                0x00000000080020cc       0x58 ./Src/MCAL/gpio/gpio_prog.o
                0x00000000080020cc                MGPIO_uddtSetPinMode
 .text.MGPIO_uddtSetOutputMode
                0x0000000008002124       0x50 ./Src/MCAL/gpio/gpio_prog.o
                0x0000000008002124                MGPIO_uddtSetOutputMode
 .text.MGPIO_uddtSetOutputSpeed
                0x0000000008002174       0x52 ./Src/MCAL/gpio/gpio_prog.o
                0x0000000008002174                MGPIO_uddtSetOutputSpeed
 .text.MGPIO_uddtSetPullState
                0x00000000080021c6       0x52 ./Src/MCAL/gpio/gpio_prog.o
                0x00000000080021c6                MGPIO_uddtSetPullState
 .text.MGPIO_uddtGetPinVal
                0x0000000008002218       0x52 ./Src/MCAL/gpio/gpio_prog.o
                0x0000000008002218                MGPIO_uddtGetPinVal
 .text.MGPIO_uddtSetPinVal
                0x000000000800226a       0x7c ./Src/MCAL/gpio/gpio_prog.o
                0x000000000800226a                MGPIO_uddtSetPinVal
 .text.MGPIO_uddtSetAltFun
                0x00000000080022e6       0x66 ./Src/MCAL/gpio/gpio_prog.o
                0x00000000080022e6                MGPIO_uddtSetAltFun
 .text.MGPIO_uddtInitPin
                0x000000000800234c       0xa8 ./Src/MCAL/gpio/gpio_prog.o
                0x000000000800234c                MGPIO_uddtInitPin
 .text.MGPIO_uddtInitAltPin
                0x00000000080023f4       0xa6 ./Src/MCAL/gpio/gpio_prog.o
                0x00000000080023f4                MGPIO_uddtInitAltPin
 *fill*         0x000000000800249a        0x2 
 .text.MNVIC_enableInterrupt
                0x000000000800249c       0x54 ./Src/MCAL/nvic/nvic_prog.o
                0x000000000800249c                MNVIC_enableInterrupt
 .text.MNVIC_SetInterruptPriority
                0x00000000080024f0       0xc0 ./Src/MCAL/nvic/nvic_prog.o
                0x00000000080024f0                MNVIC_SetInterruptPriority
 .text.MNVIC_SetInterruptGroup
                0x00000000080025b0       0x4c ./Src/MCAL/nvic/nvic_prog.o
                0x00000000080025b0                MNVIC_SetInterruptGroup
 .text.MRCC_Init
                0x00000000080025fc       0x4c ./Src/MCAL/rcc/rcc_prog.o
                0x00000000080025fc                MRCC_Init
 .text.MRCC_enablePeripheral
                0x0000000008002648       0xc4 ./Src/MCAL/rcc/rcc_prog.o
                0x0000000008002648                MRCC_enablePeripheral
 .text.HAL_DeInit
                0x000000000800270c       0x3c ./Src/MCAL/rcc/rcc_prog.o
                0x000000000800270c                HAL_DeInit
 .text.SysTick_Handler
                0x0000000008002748       0x78 ./Src/MCAL/systick/systick_prog.o
                0x0000000008002748                SysTick_Handler
 .text.MTMR_vStartTimer
                0x00000000080027c0       0x80 ./Src/MCAL/tmr/tmr_prog.o
                0x00000000080027c0                MTMR_vStartTimer
 .text.MTMR_vStopTimer
                0x0000000008002840       0x80 ./Src/MCAL/tmr/tmr_prog.o
                0x0000000008002840                MTMR_vStopTimer
 .text.MTMR_vSetTimerPrescaler
                0x00000000080028c0       0x9c ./Src/MCAL/tmr/tmr_prog.o
                0x00000000080028c0                MTMR_vSetTimerPrescaler
 .text.MTMR_vSetTimerChannelOutput
                0x000000000800295c      0x110 ./Src/MCAL/tmr/tmr_prog.o
                0x000000000800295c                MTMR_vSetTimerChannelOutput
 .text.MTMR_vSetTimerCMPVal
                0x0000000008002a6c       0xbc ./Src/MCAL/tmr/tmr_prog.o
                0x0000000008002a6c                MTMR_vSetTimerCMPVal
 .text.MTMR_vSetTimerARR
                0x0000000008002b28       0x50 ./Src/MCAL/tmr/tmr_prog.o
                0x0000000008002b28                MTMR_vSetTimerARR
 .text.MUSART_uddtInit
                0x0000000008002b78      0x2c0 ./Src/MCAL/usart/usart_prog.o
                0x0000000008002b78                MUSART_uddtInit
 .text.MUSART_uddtEnable
                0x0000000008002e38       0x36 ./Src/MCAL/usart/usart_prog.o
                0x0000000008002e38                MUSART_uddtEnable
 .text.MUSART_uddtTransmitByte
                0x0000000008002e6e       0x60 ./Src/MCAL/usart/usart_prog.o
                0x0000000008002e6e                MUSART_uddtTransmitByte
 .text.MUSART_uddtTransmitString
                0x0000000008002ece       0x56 ./Src/MCAL/usart/usart_prog.o
                0x0000000008002ece                MUSART_uddtTransmitString
 .text.MUSART_RxIntSetStatus
                0x0000000008002f24       0x54 ./Src/MCAL/usart/usart_prog.o
                0x0000000008002f24                MUSART_RxIntSetStatus
 .text.MUSART1_uddtSetCallBack
                0x0000000008002f78       0x34 ./Src/MCAL/usart/usart_prog.o
                0x0000000008002f78                MUSART1_uddtSetCallBack
 .text.MUSART2_uddtSetCallBack
                0x0000000008002fac       0x34 ./Src/MCAL/usart/usart_prog.o
                0x0000000008002fac                MUSART2_uddtSetCallBack
 .text.USART1_IRQHandler
                0x0000000008002fe0       0x1c ./Src/MCAL/usart/usart_prog.o
                0x0000000008002fe0                USART1_IRQHandler
 .text.USART2_IRQHandler
                0x0000000008002ffc       0x1c ./Src/MCAL/usart/usart_prog.o
                0x0000000008002ffc                USART2_IRQHandler
 .text.USART6_IRQHandler
                0x0000000008003018       0x1c ./Src/MCAL/usart/usart_prog.o
                0x0000000008003018                USART6_IRQHandler
 .text.main     0x0000000008003034       0x10 ./Src/main.o
                0x0000000008003034                main
 .text.Reset_Handler
                0x0000000008003044       0x50 ./Startup/startup_stm32f401ccux.o
                0x0000000008003044                Reset_Handler
 .text.Default_Handler
                0x0000000008003094        0x2 ./Startup/startup_stm32f401ccux.o
                0x0000000008003094                EXTI2_IRQHandler
                0x0000000008003094                DebugMon_Handler
                0x0000000008003094                SPI4_IRQHandler
                0x0000000008003094                TIM1_CC_IRQHandler
                0x0000000008003094                DMA2_Stream5_IRQHandler
                0x0000000008003094                HardFault_Handler
                0x0000000008003094                DMA1_Stream5_IRQHandler
                0x0000000008003094                SDIO_IRQHandler
                0x0000000008003094                TAMP_STAMP_IRQHandler
                0x0000000008003094                PendSV_Handler
                0x0000000008003094                NMI_Handler
                0x0000000008003094                EXTI3_IRQHandler
                0x0000000008003094                TIM1_UP_TIM10_IRQHandler
                0x0000000008003094                I2C3_ER_IRQHandler
                0x0000000008003094                EXTI18_OTG_FS_WKUP_IRQHandler
                0x0000000008003094                I2C2_EV_IRQHandler
                0x0000000008003094                DMA1_Stream2_IRQHandler
                0x0000000008003094                UsageFault_Handler
                0x0000000008003094                DMA2_Stream2_IRQHandler
                0x0000000008003094                SPI1_IRQHandler
                0x0000000008003094                TIM1_BRK_TIM9_IRQHandler
                0x0000000008003094                DMA2_Stream3_IRQHandler
                0x0000000008003094                DMA2_Stream0_IRQHandler
                0x0000000008003094                TIM4_IRQHandler
                0x0000000008003094                I2C1_EV_IRQHandler
                0x0000000008003094                DMA1_Stream6_IRQHandler
                0x0000000008003094                DMA1_Stream1_IRQHandler
                0x0000000008003094                TIM3_IRQHandler
                0x0000000008003094                RCC_IRQHandler
                0x0000000008003094                Default_Handler
                0x0000000008003094                EXTI15_10_IRQHandler
                0x0000000008003094                ADC_IRQHandler
                0x0000000008003094                DMA1_Stream7_IRQHandler
                0x0000000008003094                TIM5_IRQHandler
                0x0000000008003094                DMA2_Stream7_IRQHandler
                0x0000000008003094                I2C3_EV_IRQHandler
                0x0000000008003094                EXTI9_5_IRQHandler
                0x0000000008003094                SPI2_IRQHandler
                0x0000000008003094                MemManage_Handler
                0x0000000008003094                DMA1_Stream0_IRQHandler
                0x0000000008003094                SVC_Handler
                0x0000000008003094                EXTI22_RTC_WKUP_IRQHandler
                0x0000000008003094                TIM2_IRQHandler
                0x0000000008003094                EXTI16_PVD_IRQHandler
                0x0000000008003094                TIM1_TRG_COM_TIM11_IRQHandler
                0x0000000008003094                EXTI1_IRQHandler
                0x0000000008003094                EXTI17_RTC_Alarm_IRQHandler
                0x0000000008003094                I2C2_ER_IRQHandler
                0x0000000008003094                DMA2_Stream1_IRQHandler
                0x0000000008003094                FLASH_IRQHandler
                0x0000000008003094                DMA2_Stream4_IRQHandler
                0x0000000008003094                BusFault_Handler
                0x0000000008003094                OTG_FS_IRQHandler
                0x0000000008003094                SPI3_IRQHandler
                0x0000000008003094                DMA1_Stream4_IRQHandler
                0x0000000008003094                I2C1_ER_IRQHandler
                0x0000000008003094                DMA2_Stream6_IRQHandler
                0x0000000008003094                DMA1_Stream3_IRQHandler
 *fill*         0x0000000008003096        0x2 
 .text.__libc_init_array
                0x0000000008003098       0x48 c:/st/stm32cubeide_1.12.1/stm32cubeide/plugins/com.st.stm32cube.ide.mcu.externaltools.gnu-tools-for-stm32.10.3-2021.10.win32_1.0.200.202301161003/tools/bin/../lib/gcc/arm-none-eabi/10.3.1/../../../../arm-none-eabi/lib/thumb/v7e-m+fp/hard\libc_nano.a(lib_a-init.o)
                0x0000000008003098                __libc_init_array
 .text.memcpy   0x00000000080030e0       0x1c c:/st/stm32cubeide_1.12.1/stm32cubeide/plugins/com.st.stm32cube.ide.mcu.externaltools.gnu-tools-for-stm32.10.3-2021.10.win32_1.0.200.202301161003/tools/bin/../lib/gcc/arm-none-eabi/10.3.1/../../../../arm-none-eabi/lib/thumb/v7e-m+fp/hard\libc_nano.a(lib_a-memcpy-stub.o)
                0x00000000080030e0                memcpy
 *(.glue_7)
 .glue_7        0x00000000080030fc        0x0 linker stubs
 *(.glue_7t)
 .glue_7t       0x00000000080030fc        0x0 linker stubs
 *(.eh_frame)
 .eh_frame      0x00000000080030fc        0x0 c:/st/stm32cubeide_1.12.1/stm32cubeide/plugins/com.st.stm32cube.ide.mcu.externaltools.gnu-tools-for-stm32.10.3-2021.10.win32_1.0.200.202301161003/tools/bin/../lib/gcc/arm-none-eabi/10.3.1/thumb/v7e-m+fp/hard/crtbegin.o
 *(.init)
 .init          0x00000000080030fc        0x4 c:/st/stm32cubeide_1.12.1/stm32cubeide/plugins/com.st.stm32cube.ide.mcu.externaltools.gnu-tools-for-stm32.10.3-2021.10.win32_1.0.200.202301161003/tools/bin/../lib/gcc/arm-none-eabi/10.3.1/thumb/v7e-m+fp/hard/crti.o
                0x00000000080030fc                _init
 .init          0x0000000008003100        0x8 c:/st/stm32cubeide_1.12.1/stm32cubeide/plugins/com.st.stm32cube.ide.mcu.externaltools.gnu-tools-for-stm32.10.3-2021.10.win32_1.0.200.202301161003/tools/bin/../lib/gcc/arm-none-eabi/10.3.1/thumb/v7e-m+fp/hard/crtn.o
 *(.fini)
 .fini          0x0000000008003108        0x4 c:/st/stm32cubeide_1.12.1/stm32cubeide/plugins/com.st.stm32cube.ide.mcu.externaltools.gnu-tools-for-stm32.10.3-2021.10.win32_1.0.200.202301161003/tools/bin/../lib/gcc/arm-none-eabi/10.3.1/thumb/v7e-m+fp/hard/crti.o
                0x0000000008003108                _fini
 .fini          0x000000000800310c        0x8 c:/st/stm32cubeide_1.12.1/stm32cubeide/plugins/com.st.stm32cube.ide.mcu.externaltools.gnu-tools-for-stm32.10.3-2021.10.win32_1.0.200.202301161003/tools/bin/../lib/gcc/arm-none-eabi/10.3.1/thumb/v7e-m+fp/hard/crtn.o
                0x0000000008003114                . = ALIGN (0x4)
                0x0000000008003114                _etext = .

.vfp11_veneer   0x0000000008003114        0x0
 .vfp11_veneer  0x0000000008003114        0x0 linker stubs

.v4_bx          0x0000000008003114        0x0
 .v4_bx         0x0000000008003114        0x0 linker stubs

.iplt           0x0000000008003114        0x0
 .iplt          0x0000000008003114        0x0 c:/st/stm32cubeide_1.12.1/stm32cubeide/plugins/com.st.stm32cube.ide.mcu.externaltools.gnu-tools-for-stm32.10.3-2021.10.win32_1.0.200.202301161003/tools/bin/../lib/gcc/arm-none-eabi/10.3.1/thumb/v7e-m+fp/hard/crtbegin.o

.rodata         0x0000000008003114      0x764
                0x0000000008003114                . = ALIGN (0x4)
 *(.rodata)
 .rodata        0x0000000008003114       0xdc ./Src/APPLICATION/Adaptive_Cruise_Control/acc_prog.o
 .rodata        0x00000000080031f0       0x26 ./Src/APPLICATION/Automatic_Emergency_Brake/aeb_prog.o
 *fill*         0x0000000008003216        0x2 
 .rodata        0x0000000008003218      0x304 ./Src/APPLICATION/Body_Control_Module/bcm_prog.o
 .rodata        0x000000000800351c       0x16 ./Src/APPLICATION/Normal_Cruise_Control/ncc_prog.o
 *fill*         0x0000000008003532        0x2 
 .rodata        0x0000000008003534      0x320 ./Src/APPLICATION/User_Dashboard_Interface/udi_prog.o
 .rodata        0x0000000008003854        0xc ./Src/HAL/dcm/dcm_prog.o
 .rodata        0x0000000008003860       0x18 ./Src/HAL/ultrasonic/Ultrasonic.o
 *(.rodata*)
                0x0000000008003878                . = ALIGN (0x4)

.rel.dyn        0x0000000008003878        0x0
 .rel.iplt      0x0000000008003878        0x0 c:/st/stm32cubeide_1.12.1/stm32cubeide/plugins/com.st.stm32cube.ide.mcu.externaltools.gnu-tools-for-stm32.10.3-2021.10.win32_1.0.200.202301161003/tools/bin/../lib/gcc/arm-none-eabi/10.3.1/thumb/v7e-m+fp/hard/crtbegin.o

.ARM.extab      0x0000000008003878        0x0
                0x0000000008003878                . = ALIGN (0x4)
 *(.ARM.extab* .gnu.linkonce.armextab.*)
                0x0000000008003878                . = ALIGN (0x4)

.ARM            0x0000000008003878        0x0
                0x0000000008003878                . = ALIGN (0x4)
                0x0000000008003878                __exidx_start = .
 *(.ARM.exidx*)
                0x0000000008003878                __exidx_end = .
                0x0000000008003878                . = ALIGN (0x4)

.preinit_array  0x0000000008003878        0x0
                0x0000000008003878                . = ALIGN (0x4)
                0x0000000008003878                PROVIDE (__preinit_array_start = .)
 *(.preinit_array*)
                0x0000000008003878                PROVIDE (__preinit_array_end = .)
                0x0000000008003878                . = ALIGN (0x4)

.init_array     0x0000000008003878        0x4
                0x0000000008003878                . = ALIGN (0x4)
                0x0000000008003878                PROVIDE (__init_array_start = .)
 *(SORT_BY_NAME(.init_array.*))
 *(.init_array*)
 .init_array    0x0000000008003878        0x4 c:/st/stm32cubeide_1.12.1/stm32cubeide/plugins/com.st.stm32cube.ide.mcu.externaltools.gnu-tools-for-stm32.10.3-2021.10.win32_1.0.200.202301161003/tools/bin/../lib/gcc/arm-none-eabi/10.3.1/thumb/v7e-m+fp/hard/crtbegin.o
                0x000000000800387c                PROVIDE (__init_array_end = .)
                0x000000000800387c                . = ALIGN (0x4)

.fini_array     0x000000000800387c        0x4
                0x000000000800387c                . = ALIGN (0x4)
                [!provide]                        PROVIDE (__fini_array_start = .)
 *(SORT_BY_NAME(.fini_array.*))
 *(.fini_array*)
 .fini_array    0x000000000800387c        0x4 c:/st/stm32cubeide_1.12.1/stm32cubeide/plugins/com.st.stm32cube.ide.mcu.externaltools.gnu-tools-for-stm32.10.3-2021.10.win32_1.0.200.202301161003/tools/bin/../lib/gcc/arm-none-eabi/10.3.1/thumb/v7e-m+fp/hard/crtbegin.o
                [!provide]                        PROVIDE (__fini_array_end = .)
                0x0000000008003880                . = ALIGN (0x4)
                0x0000000008003880                _sidata = LOADADDR (.data)

.data           0x0000000020000000       0x70 load address 0x0000000008003880
                0x0000000020000000                . = ALIGN (0x4)
                0x0000000020000000                _sdata = .
 *(.data)
 *(.data*)
 .data.gl_uddtRightDcm
                0x0000000020000000       0x10 ./Src/APPLICATION/Body_Control_Module/bcm_prog.o
                0x0000000020000000                gl_uddtRightDcm
 .data.gl_uddtLeftDcm
                0x0000000020000010       0x10 ./Src/APPLICATION/Body_Control_Module/bcm_prog.o
                0x0000000020000010                gl_uddtLeftDcm
 .data.gl_uddtRightIr
                0x0000000020000020        0x8 ./Src/APPLICATION/Body_Control_Module/bcm_prog.o
                0x0000000020000020                gl_uddtRightIr
 .data.gl_uddtLeftIr
                0x0000000020000028        0x8 ./Src/APPLICATION/Body_Control_Module/bcm_prog.o
                0x0000000020000028                gl_uddtLeftIr
 .data.gl_uddtUartOfHC05
                0x0000000020000030       0x14 ./Src/APPLICATION/Body_Control_Module/bcm_prog.o
                0x0000000020000030                gl_uddtUartOfHC05
 .data.gl_uddtUartOfESP
                0x0000000020000044       0x14 ./Src/APPLICATION/Body_Control_Module/bcm_prog.o
                0x0000000020000044                gl_uddtUartOfESP
 .data.gl_uddtUartOfRplidar
                0x0000000020000058       0x14 ./Src/APPLICATION/Body_Control_Module/bcm_prog.o
                0x0000000020000058                gl_uddtUartOfRplidar
 .data.gl_u8CarDefaultMaxSpeed
                0x000000002000006c        0x1 ./Src/APPLICATION/Body_Control_Module/bcm_prog.o
 .data.gl_u8AccSpeedLimit
                0x000000002000006d        0x1 ./Src/APPLICATION/Body_Control_Module/bcm_prog.o
 .data.gl_u8NccSpeedLimit
                0x000000002000006e        0x1 ./Src/APPLICATION/Body_Control_Module/bcm_prog.o
 *(.RamFunc)
 *(.RamFunc*)
                0x0000000020000070                . = ALIGN (0x4)
 *fill*         0x000000002000006f        0x1 
                0x0000000020000070                _edata = .

.igot.plt       0x0000000020000070        0x0 load address 0x00000000080038f0
 .igot.plt      0x0000000020000070        0x0 c:/st/stm32cubeide_1.12.1/stm32cubeide/plugins/com.st.stm32cube.ide.mcu.externaltools.gnu-tools-for-stm32.10.3-2021.10.win32_1.0.200.202301161003/tools/bin/../lib/gcc/arm-none-eabi/10.3.1/thumb/v7e-m+fp/hard/crtbegin.o
                0x0000000020000070                . = ALIGN (0x4)

.bss            0x0000000020000070       0xa4 load address 0x00000000080038f0
                0x0000000020000070                _sbss = .
                0x0000000020000070                __bss_start__ = _sbss
 *(.bss)
 .bss           0x0000000020000070       0x1c c:/st/stm32cubeide_1.12.1/stm32cubeide/plugins/com.st.stm32cube.ide.mcu.externaltools.gnu-tools-for-stm32.10.3-2021.10.win32_1.0.200.202301161003/tools/bin/../lib/gcc/arm-none-eabi/10.3.1/thumb/v7e-m+fp/hard/crtbegin.o
 *(.bss*)
 .bss.gl_u8AccSpeedLimit
                0x000000002000008c        0x1 ./Src/APPLICATION/Adaptive_Cruise_Control/acc_prog.o
 .bss.gl_u8LastSpeed
                0x000000002000008d        0x1 ./Src/APPLICATION/Adaptive_Cruise_Control/acc_prog.o
 .bss.gl_u8MotorFlag
                0x000000002000008e        0x1 ./Src/APPLICATION/Adaptive_Cruise_Control/acc_prog.o
 *fill*         0x000000002000008f        0x1 
 .bss.AddressToCall
                0x0000000020000090        0x4 ./Src/APPLICATION/Body_Control_Module/bcm_prog.o
                0x0000000020000090                AddressToCall
 .bss.gl_uddtFaultCode
                0x0000000020000094        0x1 ./Src/APPLICATION/Body_Control_Module/bcm_prog.o
 .bss.gl_uddtCarCondation
                0x0000000020000095        0x1 ./Src/APPLICATION/Body_Control_Module/bcm_prog.o
                0x0000000020000095                gl_uddtCarCondation
 .bss.gl_u8CarDefaultMinSpeed
                0x0000000020000096        0x1 ./Src/APPLICATION/Body_Control_Module/bcm_prog.o
 *fill*         0x0000000020000097        0x1 
 .bss.gl_u32distance
                0x0000000020000098        0x4 ./Src/APPLICATION/Body_Control_Module/bcm_prog.o
 .bss.gl_u8IncSpeedFlag
                0x000000002000009c        0x1 ./Src/APPLICATION/Body_Control_Module/bcm_prog.o
 .bss.gl_u8DecSpeedFlag
                0x000000002000009d        0x1 ./Src/APPLICATION/Body_Control_Module/bcm_prog.o
 .bss.gl_u8CarIsOnFlag
                0x000000002000009e        0x1 ./Src/APPLICATION/Body_Control_Module/bcm_prog.o
 .bss.gl_u8NccIsOnFlag
                0x000000002000009f        0x1 ./Src/APPLICATION/Body_Control_Module/bcm_prog.o
 .bss.gl_u8AccIsOnFlag
                0x00000000200000a0        0x1 ./Src/APPLICATION/Body_Control_Module/bcm_prog.o
 .bss.gl_u8NewFirmwareFlag
                0x00000000200000a1        0x1 ./Src/APPLICATION/Body_Control_Module/bcm_prog.o
 .bss.gl_u8Uart1Buffer
                0x00000000200000a2        0x1 ./Src/APPLICATION/Body_Control_Module/bcm_prog.o
                0x00000000200000a2                gl_u8Uart1Buffer
 .bss.gl_u8Uart2Buffer
                0x00000000200000a3        0x1 ./Src/APPLICATION/Body_Control_Module/bcm_prog.o
                0x00000000200000a3                gl_u8Uart2Buffer
 .bss.left      0x00000000200000a4        0x1 ./Src/APPLICATION/Body_Control_Module/bcm_prog.o
                0x00000000200000a4                left
 .bss.right     0x00000000200000a5        0x1 ./Src/APPLICATION/Body_Control_Module/bcm_prog.o
                0x00000000200000a5                right
 .bss.gl_u8NccSpeedLimit
                0x00000000200000a6        0x1 ./Src/APPLICATION/Normal_Cruise_Control/ncc_prog.o
 *fill*         0x00000000200000a7        0x1 
 .bss.arrOfPtrOfExtiCallBack
                0x00000000200000a8       0x58 ./Src/MCAL/exti/exti_prog.o
 .bss.pfForStkCallBack
                0x0000000020000100        0x4 ./Src/MCAL/systick/systick_prog.o
 .bss.g_u8intervalMode
                0x0000000020000104        0x1 ./Src/MCAL/systick/systick_prog.o
 *fill*         0x0000000020000105        0x3 
 .bss.MUSART1_CallBack
                0x0000000020000108        0x4 ./Src/MCAL/usart/usart_prog.o
 .bss.MUSART2_CallBack
                0x000000002000010c        0x4 ./Src/MCAL/usart/usart_prog.o
 .bss.MUSART6_CallBack
                0x0000000020000110        0x4 ./Src/MCAL/usart/usart_prog.o
 *(COMMON)
                0x0000000020000114                . = ALIGN (0x4)
                0x0000000020000114                _ebss = .
                0x0000000020000114                __bss_end__ = _ebss

._user_heap_stack
                0x0000000020000114      0x604 load address 0x00000000080038f0
                0x0000000020000118                . = ALIGN (0x8)
 *fill*         0x0000000020000114        0x4 
                [!provide]                        PROVIDE (end = .)
                0x0000000020000118                PROVIDE (_end = .)
                0x0000000020000318                . = (. + _Min_Heap_Size)
 *fill*         0x0000000020000118      0x200 
                0x0000000020000718                . = (. + _Min_Stack_Size)
 *fill*         0x0000000020000318      0x400 
                0x0000000020000718                . = ALIGN (0x8)

/DISCARD/
 libc.a(*)
 libm.a(*)
 libgcc.a(*)

.ARM.attributes
                0x0000000000000000       0x30
 *(.ARM.attributes)
 .ARM.attributes
                0x0000000000000000       0x1e c:/st/stm32cubeide_1.12.1/stm32cubeide/plugins/com.st.stm32cube.ide.mcu.externaltools.gnu-tools-for-stm32.10.3-2021.10.win32_1.0.200.202301161003/tools/bin/../lib/gcc/arm-none-eabi/10.3.1/thumb/v7e-m+fp/hard/crti.o
 .ARM.attributes
                0x000000000000001e       0x34 c:/st/stm32cubeide_1.12.1/stm32cubeide/plugins/com.st.stm32cube.ide.mcu.externaltools.gnu-tools-for-stm32.10.3-2021.10.win32_1.0.200.202301161003/tools/bin/../lib/gcc/arm-none-eabi/10.3.1/thumb/v7e-m+fp/hard/crtbegin.o
 .ARM.attributes
                0x0000000000000052       0x34 ./Src/APPLICATION/Adaptive_Cruise_Control/acc_prog.o
 .ARM.attributes
                0x0000000000000086       0x34 ./Src/APPLICATION/Automatic_Emergency_Brake/aeb_prog.o
 .ARM.attributes
                0x00000000000000ba       0x34 ./Src/APPLICATION/Body_Control_Module/bcm_prog.o
 .ARM.attributes
                0x00000000000000ee       0x34 ./Src/APPLICATION/Lane_Keep_Assistant/LKA_prog.o
 .ARM.attributes
                0x0000000000000122       0x34 ./Src/APPLICATION/Normal_Cruise_Control/ncc_prog.o
 .ARM.attributes
                0x0000000000000156       0x34 ./Src/APPLICATION/User_Dashboard_Interface/udi_prog.o
 .ARM.attributes
                0x000000000000018a       0x34 ./Src/HAL/dcm/dcm_prog.o
 .ARM.attributes
                0x00000000000001be       0x34 ./Src/HAL/hc05/hc05_prog.o
 .ARM.attributes
                0x00000000000001f2       0x34 ./Src/HAL/ir/IR_prog.o
 .ARM.attributes
                0x0000000000000226       0x34 ./Src/HAL/ultrasonic/Delay.o
 .ARM.attributes
                0x000000000000025a       0x34 ./Src/HAL/ultrasonic/Ultrasonic.o
 .ARM.attributes
                0x000000000000028e       0x34 ./Src/MCAL/exti/exti_prog.o
 .ARM.attributes
                0x00000000000002c2       0x34 ./Src/MCAL/gpio/gpio_prog.o
 .ARM.attributes
                0x00000000000002f6       0x34 ./Src/MCAL/nvic/nvic_prog.o
 .ARM.attributes
                0x000000000000032a       0x34 ./Src/MCAL/rcc/rcc_prog.o
 .ARM.attributes
                0x000000000000035e       0x34 ./Src/MCAL/systick/systick_prog.o
 .ARM.attributes
                0x0000000000000392       0x34 ./Src/MCAL/tmr/tmr_prog.o
 .ARM.attributes
                0x00000000000003c6       0x34 ./Src/MCAL/usart/usart_prog.o
 .ARM.attributes
                0x00000000000003fa       0x34 ./Src/main.o
 .ARM.attributes
                0x000000000000042e       0x21 ./Startup/startup_stm32f401ccux.o
 .ARM.attributes
                0x000000000000044f       0x34 c:/st/stm32cubeide_1.12.1/stm32cubeide/plugins/com.st.stm32cube.ide.mcu.externaltools.gnu-tools-for-stm32.10.3-2021.10.win32_1.0.200.202301161003/tools/bin/../lib/gcc/arm-none-eabi/10.3.1/../../../../arm-none-eabi/lib/thumb/v7e-m+fp/hard\libc_nano.a(lib_a-init.o)
 .ARM.attributes
                0x0000000000000483       0x34 c:/st/stm32cubeide_1.12.1/stm32cubeide/plugins/com.st.stm32cube.ide.mcu.externaltools.gnu-tools-for-stm32.10.3-2021.10.win32_1.0.200.202301161003/tools/bin/../lib/gcc/arm-none-eabi/10.3.1/../../../../arm-none-eabi/lib/thumb/v7e-m+fp/hard\libc_nano.a(lib_a-memcpy-stub.o)
 .ARM.attributes
                0x00000000000004b7       0x1e c:/st/stm32cubeide_1.12.1/stm32cubeide/plugins/com.st.stm32cube.ide.mcu.externaltools.gnu-tools-for-stm32.10.3-2021.10.win32_1.0.200.202301161003/tools/bin/../lib/gcc/arm-none-eabi/10.3.1/thumb/v7e-m+fp/hard\libgcc.a(_arm_addsubdf3.o)
 .ARM.attributes
                0x00000000000004d5       0x1e c:/st/stm32cubeide_1.12.1/stm32cubeide/plugins/com.st.stm32cube.ide.mcu.externaltools.gnu-tools-for-stm32.10.3-2021.10.win32_1.0.200.202301161003/tools/bin/../lib/gcc/arm-none-eabi/10.3.1/thumb/v7e-m+fp/hard\libgcc.a(_arm_muldivdf3.o)
 .ARM.attributes
                0x00000000000004f3       0x1e c:/st/stm32cubeide_1.12.1/stm32cubeide/plugins/com.st.stm32cube.ide.mcu.externaltools.gnu-tools-for-stm32.10.3-2021.10.win32_1.0.200.202301161003/tools/bin/../lib/gcc/arm-none-eabi/10.3.1/thumb/v7e-m+fp/hard\libgcc.a(_arm_fixunsdfsi.o)
 .ARM.attributes
                0x0000000000000511       0x1e c:/st/stm32cubeide_1.12.1/stm32cubeide/plugins/com.st.stm32cube.ide.mcu.externaltools.gnu-tools-for-stm32.10.3-2021.10.win32_1.0.200.202301161003/tools/bin/../lib/gcc/arm-none-eabi/10.3.1/thumb/v7e-m+fp/hard/crtn.o
OUTPUT(Adaptive_Cruise_Control.elf elf32-littlearm)
LOAD linker stubs
LOAD c:/st/stm32cubeide_1.12.1/stm32cubeide/plugins/com.st.stm32cube.ide.mcu.externaltools.gnu-tools-for-stm32.10.3-2021.10.win32_1.0.200.202301161003/tools/bin/../lib/gcc/arm-none-eabi/10.3.1/../../../../arm-none-eabi/lib/thumb/v7e-m+fp/hard\libc.a
LOAD c:/st/stm32cubeide_1.12.1/stm32cubeide/plugins/com.st.stm32cube.ide.mcu.externaltools.gnu-tools-for-stm32.10.3-2021.10.win32_1.0.200.202301161003/tools/bin/../lib/gcc/arm-none-eabi/10.3.1/../../../../arm-none-eabi/lib/thumb/v7e-m+fp/hard\libm.a
LOAD c:/st/stm32cubeide_1.12.1/stm32cubeide/plugins/com.st.stm32cube.ide.mcu.externaltools.gnu-tools-for-stm32.10.3-2021.10.win32_1.0.200.202301161003/tools/bin/../lib/gcc/arm-none-eabi/10.3.1/thumb/v7e-m+fp/hard\libgcc.a

.debug_info     0x0000000000000000     0x6bd9
 .debug_info    0x0000000000000000      0x511 ./Src/APPLICATION/Adaptive_Cruise_Control/acc_prog.o
 .debug_info    0x0000000000000511      0x441 ./Src/APPLICATION/Automatic_Emergency_Brake/aeb_prog.o
 .debug_info    0x0000000000000952     0x12ad ./Src/APPLICATION/Body_Control_Module/bcm_prog.o
 .debug_info    0x0000000000001bff      0x591 ./Src/APPLICATION/Lane_Keep_Assistant/LKA_prog.o
 .debug_info    0x0000000000002190      0x482 ./Src/APPLICATION/Normal_Cruise_Control/ncc_prog.o
 .debug_info    0x0000000000002612      0x538 ./Src/APPLICATION/User_Dashboard_Interface/udi_prog.o
 .debug_info    0x0000000000002b4a      0x808 ./Src/HAL/dcm/dcm_prog.o
 .debug_info    0x0000000000003352      0x881 ./Src/HAL/hc05/hc05_prog.o
 .debug_info    0x0000000000003bd3      0x48f ./Src/HAL/ir/IR_prog.o
 .debug_info    0x0000000000004062       0x97 ./Src/HAL/ultrasonic/Delay.o
 .debug_info    0x00000000000040f9      0x428 ./Src/HAL/ultrasonic/Ultrasonic.o
 .debug_info    0x0000000000004521      0x472 ./Src/MCAL/exti/exti_prog.o
 .debug_info    0x0000000000004993      0x7b6 ./Src/MCAL/gpio/gpio_prog.o
 .debug_info    0x0000000000005149      0x429 ./Src/MCAL/nvic/nvic_prog.o
 .debug_info    0x0000000000005572      0x53c ./Src/MCAL/rcc/rcc_prog.o
 .debug_info    0x0000000000005aae      0x35b ./Src/MCAL/systick/systick_prog.o
 .debug_info    0x0000000000005e09      0x497 ./Src/MCAL/tmr/tmr_prog.o
 .debug_info    0x00000000000062a0      0x869 ./Src/MCAL/usart/usart_prog.o
 .debug_info    0x0000000000006b09       0xae ./Src/main.o
 .debug_info    0x0000000000006bb7       0x22 ./Startup/startup_stm32f401ccux.o

.debug_abbrev   0x0000000000000000     0x150e
 .debug_abbrev  0x0000000000000000      0x126 ./Src/APPLICATION/Adaptive_Cruise_Control/acc_prog.o
 .debug_abbrev  0x0000000000000126      0x10a ./Src/APPLICATION/Automatic_Emergency_Brake/aeb_prog.o
 .debug_abbrev  0x0000000000000230      0x231 ./Src/APPLICATION/Body_Control_Module/bcm_prog.o
 .debug_abbrev  0x0000000000000461      0x111 ./Src/APPLICATION/Lane_Keep_Assistant/LKA_prog.o
 .debug_abbrev  0x0000000000000572      0x126 ./Src/APPLICATION/Normal_Cruise_Control/ncc_prog.o
 .debug_abbrev  0x0000000000000698      0x13f ./Src/APPLICATION/User_Dashboard_Interface/udi_prog.o
 .debug_abbrev  0x00000000000007d7      0x166 ./Src/HAL/dcm/dcm_prog.o
 .debug_abbrev  0x000000000000093d      0x128 ./Src/HAL/hc05/hc05_prog.o
 .debug_abbrev  0x0000000000000a65      0x111 ./Src/HAL/ir/IR_prog.o
 .debug_abbrev  0x0000000000000b76       0x5c ./Src/HAL/ultrasonic/Delay.o
 .debug_abbrev  0x0000000000000bd2      0x113 ./Src/HAL/ultrasonic/Ultrasonic.o
 .debug_abbrev  0x0000000000000ce5      0x12e ./Src/MCAL/exti/exti_prog.o
 .debug_abbrev  0x0000000000000e13       0xf7 ./Src/MCAL/gpio/gpio_prog.o
 .debug_abbrev  0x0000000000000f0a      0x11f ./Src/MCAL/nvic/nvic_prog.o
 .debug_abbrev  0x0000000000001029       0xea ./Src/MCAL/rcc/rcc_prog.o
 .debug_abbrev  0x0000000000001113      0x125 ./Src/MCAL/systick/systick_prog.o
 .debug_abbrev  0x0000000000001238       0xfb ./Src/MCAL/tmr/tmr_prog.o
 .debug_abbrev  0x0000000000001333      0x16f ./Src/MCAL/usart/usart_prog.o
 .debug_abbrev  0x00000000000014a2       0x5a ./Src/main.o
 .debug_abbrev  0x00000000000014fc       0x12 ./Startup/startup_stm32f401ccux.o

.debug_aranges  0x0000000000000000      0x5a0
 .debug_aranges
                0x0000000000000000       0x38 ./Src/APPLICATION/Adaptive_Cruise_Control/acc_prog.o
 .debug_aranges
                0x0000000000000038       0x28 ./Src/APPLICATION/Automatic_Emergency_Brake/aeb_prog.o
 .debug_aranges
                0x0000000000000060       0x60 ./Src/APPLICATION/Body_Control_Module/bcm_prog.o
 .debug_aranges
                0x00000000000000c0       0x40 ./Src/APPLICATION/Lane_Keep_Assistant/LKA_prog.o
 .debug_aranges
                0x0000000000000100       0x30 ./Src/APPLICATION/Normal_Cruise_Control/ncc_prog.o
 .debug_aranges
                0x0000000000000130       0x30 ./Src/APPLICATION/User_Dashboard_Interface/udi_prog.o
 .debug_aranges
                0x0000000000000160       0x40 ./Src/HAL/dcm/dcm_prog.o
 .debug_aranges
                0x00000000000001a0       0x80 ./Src/HAL/hc05/hc05_prog.o
 .debug_aranges
                0x0000000000000220       0x28 ./Src/HAL/ir/IR_prog.o
 .debug_aranges
                0x0000000000000248       0x20 ./Src/HAL/ultrasonic/Delay.o
 .debug_aranges
                0x0000000000000268       0x30 ./Src/HAL/ultrasonic/Ultrasonic.o
 .debug_aranges
                0x0000000000000298       0x60 ./Src/MCAL/exti/exti_prog.o
 .debug_aranges
                0x00000000000002f8       0x70 ./Src/MCAL/gpio/gpio_prog.o
 .debug_aranges
                0x0000000000000368       0x50 ./Src/MCAL/nvic/nvic_prog.o
 .debug_aranges
                0x00000000000003b8       0x38 ./Src/MCAL/rcc/rcc_prog.o
 .debug_aranges
                0x00000000000003f0       0x58 ./Src/MCAL/systick/systick_prog.o
 .debug_aranges
                0x0000000000000448       0x70 ./Src/MCAL/tmr/tmr_prog.o
 .debug_aranges
                0x00000000000004b8       0xa0 ./Src/MCAL/usart/usart_prog.o
 .debug_aranges
                0x0000000000000558       0x20 ./Src/main.o
 .debug_aranges
                0x0000000000000578       0x28 ./Startup/startup_stm32f401ccux.o

.debug_ranges   0x0000000000000000      0x480
 .debug_ranges  0x0000000000000000       0x28 ./Src/APPLICATION/Adaptive_Cruise_Control/acc_prog.o
 .debug_ranges  0x0000000000000028       0x18 ./Src/APPLICATION/Automatic_Emergency_Brake/aeb_prog.o
 .debug_ranges  0x0000000000000040       0x50 ./Src/APPLICATION/Body_Control_Module/bcm_prog.o
 .debug_ranges  0x0000000000000090       0x30 ./Src/APPLICATION/Lane_Keep_Assistant/LKA_prog.o
 .debug_ranges  0x00000000000000c0       0x20 ./Src/APPLICATION/Normal_Cruise_Control/ncc_prog.o
 .debug_ranges  0x00000000000000e0       0x20 ./Src/APPLICATION/User_Dashboard_Interface/udi_prog.o
 .debug_ranges  0x0000000000000100       0x30 ./Src/HAL/dcm/dcm_prog.o
 .debug_ranges  0x0000000000000130       0x70 ./Src/HAL/hc05/hc05_prog.o
 .debug_ranges  0x00000000000001a0       0x18 ./Src/HAL/ir/IR_prog.o
 .debug_ranges  0x00000000000001b8       0x10 ./Src/HAL/ultrasonic/Delay.o
 .debug_ranges  0x00000000000001c8       0x20 ./Src/HAL/ultrasonic/Ultrasonic.o
 .debug_ranges  0x00000000000001e8       0x50 ./Src/MCAL/exti/exti_prog.o
 .debug_ranges  0x0000000000000238       0x60 ./Src/MCAL/gpio/gpio_prog.o
 .debug_ranges  0x0000000000000298       0x40 ./Src/MCAL/nvic/nvic_prog.o
 .debug_ranges  0x00000000000002d8       0x28 ./Src/MCAL/rcc/rcc_prog.o
 .debug_ranges  0x0000000000000300       0x60 ./Src/MCAL/systick/systick_prog.o
 .debug_ranges  0x0000000000000360       0x60 ./Src/MCAL/tmr/tmr_prog.o
 .debug_ranges  0x00000000000003c0       0x90 ./Src/MCAL/usart/usart_prog.o
 .debug_ranges  0x0000000000000450       0x10 ./Src/main.o
 .debug_ranges  0x0000000000000460       0x20 ./Startup/startup_stm32f401ccux.o

.debug_macro    0x0000000000000000     0x2d64
 .debug_macro   0x0000000000000000       0xc9 ./Src/APPLICATION/Adaptive_Cruise_Control/acc_prog.o
 .debug_macro   0x00000000000000c9      0xa7e ./Src/APPLICATION/Adaptive_Cruise_Control/acc_prog.o
 .debug_macro   0x0000000000000b47       0x22 ./Src/APPLICATION/Adaptive_Cruise_Control/acc_prog.o
 .debug_macro   0x0000000000000b69       0x46 ./Src/APPLICATION/Adaptive_Cruise_Control/acc_prog.o
 .debug_macro   0x0000000000000baf       0x3a ./Src/APPLICATION/Adaptive_Cruise_Control/acc_prog.o
 .debug_macro   0x0000000000000be9       0x16 ./Src/APPLICATION/Adaptive_Cruise_Control/acc_prog.o
 .debug_macro   0x0000000000000bff       0xa0 ./Src/APPLICATION/Adaptive_Cruise_Control/acc_prog.o
 .debug_macro   0x0000000000000c9f      0x19f ./Src/APPLICATION/Adaptive_Cruise_Control/acc_prog.o
 .debug_macro   0x0000000000000e3e       0x22 ./Src/APPLICATION/Adaptive_Cruise_Control/acc_prog.o
 .debug_macro   0x0000000000000e60       0x1c ./Src/APPLICATION/Adaptive_Cruise_Control/acc_prog.o
 .debug_macro   0x0000000000000e7c       0xcf ./Src/APPLICATION/Automatic_Emergency_Brake/aeb_prog.o
 .debug_macro   0x0000000000000f4b       0x16 ./Src/APPLICATION/Automatic_Emergency_Brake/aeb_prog.o
 .debug_macro   0x0000000000000f61      0x3d8 ./Src/APPLICATION/Body_Control_Module/bcm_prog.o
 .debug_macro   0x0000000000001339       0x22 ./Src/APPLICATION/Body_Control_Module/bcm_prog.o
 .debug_macro   0x000000000000135b       0x4c ./Src/APPLICATION/Body_Control_Module/bcm_prog.o
 .debug_macro   0x00000000000013a7       0x1e ./Src/APPLICATION/Body_Control_Module/bcm_prog.o
 .debug_macro   0x00000000000013c5       0x94 ./Src/APPLICATION/Body_Control_Module/bcm_prog.o
 .debug_macro   0x0000000000001459       0x3c ./Src/APPLICATION/Body_Control_Module/bcm_prog.o
 .debug_macro   0x0000000000001495       0x34 ./Src/APPLICATION/Body_Control_Module/bcm_prog.o
 .debug_macro   0x00000000000014c9       0x16 ./Src/APPLICATION/Body_Control_Module/bcm_prog.o
 .debug_macro   0x00000000000014df       0x57 ./Src/APPLICATION/Body_Control_Module/bcm_prog.o
 .debug_macro   0x0000000000001536       0x97 ./Src/APPLICATION/Body_Control_Module/bcm_prog.o
 .debug_macro   0x00000000000015cd      0x341 ./Src/APPLICATION/Body_Control_Module/bcm_prog.o
 .debug_macro   0x000000000000190e       0xfd ./Src/APPLICATION/Body_Control_Module/bcm_prog.o
 .debug_macro   0x0000000000001a0b       0x10 ./Src/APPLICATION/Body_Control_Module/bcm_prog.o
 .debug_macro   0x0000000000001a1b       0x16 ./Src/APPLICATION/Body_Control_Module/bcm_prog.o
 .debug_macro   0x0000000000001a31       0x43 ./Src/APPLICATION/Body_Control_Module/bcm_prog.o
 .debug_macro   0x0000000000001a74       0x34 ./Src/APPLICATION/Body_Control_Module/bcm_prog.o
 .debug_macro   0x0000000000001aa8       0x10 ./Src/APPLICATION/Body_Control_Module/bcm_prog.o
 .debug_macro   0x0000000000001ab8       0x58 ./Src/APPLICATION/Body_Control_Module/bcm_prog.o
 .debug_macro   0x0000000000001b10       0x71 ./Src/APPLICATION/Body_Control_Module/bcm_prog.o
 .debug_macro   0x0000000000001b81       0x1c ./Src/APPLICATION/Body_Control_Module/bcm_prog.o
 .debug_macro   0x0000000000001b9d      0x12a ./Src/APPLICATION/Body_Control_Module/bcm_prog.o
 .debug_macro   0x0000000000001cc7       0x10 ./Src/APPLICATION/Body_Control_Module/bcm_prog.o
 .debug_macro   0x0000000000001cd7       0x6a ./Src/APPLICATION/Body_Control_Module/bcm_prog.o
 .debug_macro   0x0000000000001d41       0x1c ./Src/APPLICATION/Body_Control_Module/bcm_prog.o
 .debug_macro   0x0000000000001d5d       0x52 ./Src/APPLICATION/Body_Control_Module/bcm_prog.o
 .debug_macro   0x0000000000001daf       0x22 ./Src/APPLICATION/Body_Control_Module/bcm_prog.o
 .debug_macro   0x0000000000001dd1       0x10 ./Src/APPLICATION/Body_Control_Module/bcm_prog.o
 .debug_macro   0x0000000000001de1       0x52 ./Src/APPLICATION/Body_Control_Module/bcm_prog.o
 .debug_macro   0x0000000000001e33       0xd5 ./Src/APPLICATION/Body_Control_Module/bcm_prog.o
 .debug_macro   0x0000000000001f08       0x1c ./Src/APPLICATION/Body_Control_Module/bcm_prog.o
 .debug_macro   0x0000000000001f24       0x3d ./Src/APPLICATION/Body_Control_Module/bcm_prog.o
 .debug_macro   0x0000000000001f61       0x16 ./Src/APPLICATION/Body_Control_Module/bcm_prog.o
 .debug_macro   0x0000000000001f77      0x145 ./Src/APPLICATION/Body_Control_Module/bcm_prog.o
 .debug_macro   0x00000000000020bc       0x16 ./Src/APPLICATION/Body_Control_Module/bcm_prog.o
 .debug_macro   0x00000000000020d2       0x35 ./Src/APPLICATION/Body_Control_Module/bcm_prog.o
 .debug_macro   0x0000000000002107       0x16 ./Src/APPLICATION/Body_Control_Module/bcm_prog.o
 .debug_macro   0x000000000000211d       0x29 ./Src/APPLICATION/Body_Control_Module/bcm_prog.o
 .debug_macro   0x0000000000002146       0x16 ./Src/APPLICATION/Body_Control_Module/bcm_prog.o
 .debug_macro   0x000000000000215c       0x20 ./Src/APPLICATION/Body_Control_Module/bcm_prog.o
 .debug_macro   0x000000000000217c       0xd6 ./Src/APPLICATION/Body_Control_Module/bcm_prog.o
 .debug_macro   0x0000000000002252       0x40 ./Src/APPLICATION/Body_Control_Module/bcm_prog.o
 .debug_macro   0x0000000000002292       0x22 ./Src/APPLICATION/Body_Control_Module/bcm_prog.o
 .debug_macro   0x00000000000022b4       0x22 ./Src/APPLICATION/Body_Control_Module/bcm_prog.o
 .debug_macro   0x00000000000022d6       0x3a ./Src/APPLICATION/Body_Control_Module/bcm_prog.o
 .debug_macro   0x0000000000002310       0x16 ./Src/APPLICATION/Body_Control_Module/bcm_prog.o
 .debug_macro   0x0000000000002326       0xb4 ./Src/APPLICATION/Lane_Keep_Assistant/LKA_prog.o
 .debug_macro   0x00000000000023da       0xd5 ./Src/APPLICATION/Normal_Cruise_Control/ncc_prog.o
 .debug_macro   0x00000000000024af       0x81 ./Src/APPLICATION/User_Dashboard_Interface/udi_prog.o
 .debug_macro   0x0000000000002530       0x80 ./Src/HAL/dcm/dcm_prog.o
 .debug_macro   0x00000000000025b0       0x77 ./Src/HAL/hc05/hc05_prog.o
 .debug_macro   0x0000000000002627       0x57 ./Src/HAL/ir/IR_prog.o
 .debug_macro   0x000000000000267e       0x31 ./Src/HAL/ultrasonic/Delay.o
 .debug_macro   0x00000000000026af       0x68 ./Src/HAL/ultrasonic/Ultrasonic.o
 .debug_macro   0x0000000000002717       0x22 ./Src/HAL/ultrasonic/Ultrasonic.o
 .debug_macro   0x0000000000002739       0x40 ./Src/MCAL/exti/exti_prog.o
 .debug_macro   0x0000000000002779       0x3f ./Src/MCAL/gpio/gpio_prog.o
 .debug_macro   0x00000000000027b8       0x3f ./Src/MCAL/nvic/nvic_prog.o
 .debug_macro   0x00000000000027f7       0x3f ./Src/MCAL/rcc/rcc_prog.o
 .debug_macro   0x0000000000002836       0x3f ./Src/MCAL/systick/systick_prog.o
 .debug_macro   0x0000000000002875       0x2e ./Src/MCAL/systick/systick_prog.o
 .debug_macro   0x00000000000028a3       0x22 ./Src/MCAL/systick/systick_prog.o
 .debug_macro   0x00000000000028c5       0x64 ./Src/MCAL/tmr/tmr_prog.o
 .debug_macro   0x0000000000002929       0x63 ./Src/MCAL/usart/usart_prog.o
 .debug_macro   0x000000000000298c      0x3d8 ./Src/main.o

.debug_line     0x0000000000000000     0x56f9
 .debug_line    0x0000000000000000      0x4d2 ./Src/APPLICATION/Adaptive_Cruise_Control/acc_prog.o
 .debug_line    0x00000000000004d2      0x39b ./Src/APPLICATION/Automatic_Emergency_Brake/aeb_prog.o
 .debug_line    0x000000000000086d     0x12a5 ./Src/APPLICATION/Body_Control_Module/bcm_prog.o
 .debug_line    0x0000000000001b12      0x438 ./Src/APPLICATION/Lane_Keep_Assistant/LKA_prog.o
 .debug_line    0x0000000000001f4a      0x3b1 ./Src/APPLICATION/Normal_Cruise_Control/ncc_prog.o
 .debug_line    0x00000000000022fb      0x2c6 ./Src/APPLICATION/User_Dashboard_Interface/udi_prog.o
 .debug_line    0x00000000000025c1      0x329 ./Src/HAL/dcm/dcm_prog.o
 .debug_line    0x00000000000028ea      0x31d ./Src/HAL/hc05/hc05_prog.o
 .debug_line    0x0000000000002c07      0x1f9 ./Src/HAL/ir/IR_prog.o
 .debug_line    0x0000000000002e00      0x130 ./Src/HAL/ultrasonic/Delay.o
 .debug_line    0x0000000000002f30      0x236 ./Src/HAL/ultrasonic/Ultrasonic.o
 .debug_line    0x0000000000003166      0x298 ./Src/MCAL/exti/exti_prog.o
 .debug_line    0x00000000000033fe      0x36b ./Src/MCAL/gpio/gpio_prog.o
 .debug_line    0x0000000000003769      0x24f ./Src/MCAL/nvic/nvic_prog.o
 .debug_line    0x00000000000039b8      0x1e5 ./Src/MCAL/rcc/rcc_prog.o
 .debug_line    0x0000000000003b9d      0x2df ./Src/MCAL/systick/systick_prog.o
 .debug_line    0x0000000000003e7c      0x480 ./Src/MCAL/tmr/tmr_prog.o
 .debug_line    0x00000000000042fc      0x5bb ./Src/MCAL/usart/usart_prog.o
 .debug_line    0x00000000000048b7      0xdbe ./Src/main.o
 .debug_line    0x0000000000005675       0x84 ./Startup/startup_stm32f401ccux.o

.debug_str      0x0000000000000000     0xc402
 .debug_str     0x0000000000000000     0x43ad ./Src/APPLICATION/Adaptive_Cruise_Control/acc_prog.o
                                       0x4447 (size before relaxing)
 .debug_str     0x00000000000043ad      0x13f ./Src/APPLICATION/Automatic_Emergency_Brake/aeb_prog.o
                                       0x4408 (size before relaxing)
 .debug_str     0x00000000000044ec     0x65a5 ./Src/APPLICATION/Body_Control_Module/bcm_prog.o
                                       0xaac8 (size before relaxing)
 .debug_str     0x000000000000aa91      0x108 ./Src/APPLICATION/Lane_Keep_Assistant/LKA_prog.o
                                       0x3977 (size before relaxing)
 .debug_str     0x000000000000ab99       0x41 ./Src/APPLICATION/Normal_Cruise_Control/ncc_prog.o
                                       0x4413 (size before relaxing)
 .debug_str     0x000000000000abda       0xd9 ./Src/APPLICATION/User_Dashboard_Interface/udi_prog.o
                                       0x4361 (size before relaxing)
 .debug_str     0x000000000000acb3      0x2c3 ./Src/HAL/dcm/dcm_prog.o
                                       0x3d48 (size before relaxing)
 .debug_str     0x000000000000af76      0x1ff ./Src/HAL/hc05/hc05_prog.o
                                       0x4553 (size before relaxing)
 .debug_str     0x000000000000b175       0x70 ./Src/HAL/ir/IR_prog.o
                                       0x36c3 (size before relaxing)
 .debug_str     0x000000000000b1e5       0x35 ./Src/HAL/ultrasonic/Delay.o
                                       0x2f8c (size before relaxing)
 .debug_str     0x000000000000b21a       0xb7 ./Src/HAL/ultrasonic/Ultrasonic.o
                                       0x36e8 (size before relaxing)
 .debug_str     0x000000000000b2d1      0x264 ./Src/MCAL/exti/exti_prog.o
                                       0x3529 (size before relaxing)
 .debug_str     0x000000000000b535      0x151 ./Src/MCAL/gpio/gpio_prog.o
                                       0x384c (size before relaxing)
 .debug_str     0x000000000000b686      0x1bd ./Src/MCAL/nvic/nvic_prog.o
                                       0x33a9 (size before relaxing)
 .debug_str     0x000000000000b843      0x476 ./Src/MCAL/rcc/rcc_prog.o
                                       0x3cb5 (size before relaxing)
 .debug_str     0x000000000000bcb9      0x402 ./Src/MCAL/systick/systick_prog.o
                                       0x3362 (size before relaxing)
 .debug_str     0x000000000000c0bb      0x20d ./Src/MCAL/tmr/tmr_prog.o
                                       0x380b (size before relaxing)
 .debug_str     0x000000000000c2c8       0xf6 ./Src/MCAL/usart/usart_prog.o
                                       0x4470 (size before relaxing)
 .debug_str     0x000000000000c3be       0x13 ./Src/main.o
                                       0x9171 (size before relaxing)
 .debug_str     0x000000000000c3d1       0x31 ./Startup/startup_stm32f401ccux.o
                                         0x68 (size before relaxing)

.comment        0x0000000000000000       0x50
 .comment       0x0000000000000000       0x50 ./Src/APPLICATION/Adaptive_Cruise_Control/acc_prog.o
                                         0x51 (size before relaxing)
 .comment       0x0000000000000050       0x51 ./Src/APPLICATION/Automatic_Emergency_Brake/aeb_prog.o
 .comment       0x0000000000000050       0x51 ./Src/APPLICATION/Body_Control_Module/bcm_prog.o
 .comment       0x0000000000000050       0x51 ./Src/APPLICATION/Lane_Keep_Assistant/LKA_prog.o
 .comment       0x0000000000000050       0x51 ./Src/APPLICATION/Normal_Cruise_Control/ncc_prog.o
 .comment       0x0000000000000050       0x51 ./Src/APPLICATION/User_Dashboard_Interface/udi_prog.o
 .comment       0x0000000000000050       0x51 ./Src/HAL/dcm/dcm_prog.o
 .comment       0x0000000000000050       0x51 ./Src/HAL/hc05/hc05_prog.o
 .comment       0x0000000000000050       0x51 ./Src/HAL/ir/IR_prog.o
 .comment       0x0000000000000050       0x51 ./Src/HAL/ultrasonic/Delay.o
 .comment       0x0000000000000050       0x51 ./Src/HAL/ultrasonic/Ultrasonic.o
 .comment       0x0000000000000050       0x51 ./Src/MCAL/exti/exti_prog.o
 .comment       0x0000000000000050       0x51 ./Src/MCAL/gpio/gpio_prog.o
 .comment       0x0000000000000050       0x51 ./Src/MCAL/nvic/nvic_prog.o
 .comment       0x0000000000000050       0x51 ./Src/MCAL/rcc/rcc_prog.o
 .comment       0x0000000000000050       0x51 ./Src/MCAL/systick/systick_prog.o
 .comment       0x0000000000000050       0x51 ./Src/MCAL/tmr/tmr_prog.o
 .comment       0x0000000000000050       0x51 ./Src/MCAL/usart/usart_prog.o
 .comment       0x0000000000000050       0x51 ./Src/main.o

.debug_frame    0x0000000000000000     0x13c4
 .debug_frame   0x0000000000000000       0xa8 ./Src/APPLICATION/Adaptive_Cruise_Control/acc_prog.o
 .debug_frame   0x00000000000000a8       0x50 ./Src/APPLICATION/Automatic_Emergency_Brake/aeb_prog.o
 .debug_frame   0x00000000000000f8      0x13c ./Src/APPLICATION/Body_Control_Module/bcm_prog.o
 .debug_frame   0x0000000000000234       0xc4 ./Src/APPLICATION/Lane_Keep_Assistant/LKA_prog.o
 .debug_frame   0x00000000000002f8       0x7c ./Src/APPLICATION/Normal_Cruise_Control/ncc_prog.o
 .debug_frame   0x0000000000000374       0x7c ./Src/APPLICATION/User_Dashboard_Interface/udi_prog.o
 .debug_frame   0x00000000000003f0       0xc8 ./Src/HAL/dcm/dcm_prog.o
 .debug_frame   0x00000000000004b8      0x1e4 ./Src/HAL/hc05/hc05_prog.o
 .debug_frame   0x000000000000069c       0x58 ./Src/HAL/ir/IR_prog.o
 .debug_frame   0x00000000000006f4       0x38 ./Src/HAL/ultrasonic/Delay.o
 .debug_frame   0x000000000000072c       0x74 ./Src/HAL/ultrasonic/Ultrasonic.o
 .debug_frame   0x00000000000007a0      0x154 ./Src/MCAL/exti/exti_prog.o
 .debug_frame   0x00000000000008f4      0x1c0 ./Src/MCAL/gpio/gpio_prog.o
 .debug_frame   0x0000000000000ab4      0x12c ./Src/MCAL/nvic/nvic_prog.o
 .debug_frame   0x0000000000000be0       0xa8 ./Src/MCAL/rcc/rcc_prog.o
 .debug_frame   0x0000000000000c88      0x14c ./Src/MCAL/systick/systick_prog.o
 .debug_frame   0x0000000000000dd4      0x1c8 ./Src/MCAL/tmr/tmr_prog.o
 .debug_frame   0x0000000000000f9c      0x288 ./Src/MCAL/usart/usart_prog.o
 .debug_frame   0x0000000000001224       0x2c ./Src/main.o
 .debug_frame   0x0000000000001250       0x2c c:/st/stm32cubeide_1.12.1/stm32cubeide/plugins/com.st.stm32cube.ide.mcu.externaltools.gnu-tools-for-stm32.10.3-2021.10.win32_1.0.200.202301161003/tools/bin/../lib/gcc/arm-none-eabi/10.3.1/../../../../arm-none-eabi/lib/thumb/v7e-m+fp/hard\libc_nano.a(lib_a-init.o)
 .debug_frame   0x000000000000127c       0x28 c:/st/stm32cubeide_1.12.1/stm32cubeide/plugins/com.st.stm32cube.ide.mcu.externaltools.gnu-tools-for-stm32.10.3-2021.10.win32_1.0.200.202301161003/tools/bin/../lib/gcc/arm-none-eabi/10.3.1/../../../../arm-none-eabi/lib/thumb/v7e-m+fp/hard\libc_nano.a(lib_a-memcpy-stub.o)
 .debug_frame   0x00000000000012a4       0xac c:/st/stm32cubeide_1.12.1/stm32cubeide/plugins/com.st.stm32cube.ide.mcu.externaltools.gnu-tools-for-stm32.10.3-2021.10.win32_1.0.200.202301161003/tools/bin/../lib/gcc/arm-none-eabi/10.3.1/thumb/v7e-m+fp/hard\libgcc.a(_arm_addsubdf3.o)
 .debug_frame   0x0000000000001350       0x50 c:/st/stm32cubeide_1.12.1/stm32cubeide/plugins/com.st.stm32cube.ide.mcu.externaltools.gnu-tools-for-stm32.10.3-2021.10.win32_1.0.200.202301161003/tools/bin/../lib/gcc/arm-none-eabi/10.3.1/thumb/v7e-m+fp/hard\libgcc.a(_arm_muldivdf3.o)
 .debug_frame   0x00000000000013a0       0x24 c:/st/stm32cubeide_1.12.1/stm32cubeide/plugins/com.st.stm32cube.ide.mcu.externaltools.gnu-tools-for-stm32.10.3-2021.10.win32_1.0.200.202301161003/tools/bin/../lib/gcc/arm-none-eabi/10.3.1/thumb/v7e-m+fp/hard\libgcc.a(_arm_fixunsdfsi.o)
