../Src/MCAL/exti/exti_prog.c:15:24:MEXTI_enableEXTI	24	static
../Src/MCAL/exti/exti_prog.c:32:24:MEXTI_disableEXTI	24	static
../Src/MCAL/exti/exti_prog.c:49:24:MEXTI_softwareInterrupt	24	static
../Src/MCAL/exti/exti_prog.c:66:24:MEXTI_setTriggerSource	24	static
../Src/MCAL/exti/exti_prog.c:109:24:MEXTI_setExtiConfig	24	static
../Src/MCAL/exti/exti_prog.c:142:24:MEXTI_setCallBack	24	static
../Src/MCAL/exti/exti_prog.c:160:6:EXTI0_IRQHandler	8	static
../Src/MCAL/exti/exti_prog.c:174:6:EXTI4_IRQHandler	8	static
../Src/MCAL/exti/exti_prog.c:189:6:EXTI5_IRQHandler	8	static
